******************************************************************************
                  TI ARM Linker Unix v16.9.4                   
******************************************************************************
>> Linked Wed Nov  8 13:17:48 2017

OUTPUT FILE NAME:   <LiveTestWithPWMChasing.out>
ENTRY POINT SYMBOL: "_c_int00"  address: 00000789


MEMORY CONFIGURATION

         name            origin    length      used     unused   attr    fill
----------------------  --------  ---------  --------  --------  ----  --------
  FLASH                 00000000   00100000  00000a46  000ff5ba  R  X
  SRAM                  20000000   00040000  00000490  0003fb70  RW X


SEGMENT ALLOCATION MAP

run origin  load origin   length   init length attrs members
----------  ----------- ---------- ----------- ----- -------
00000000    00000000    00000a48   00000a48    r-x
  00000000    00000000    00000208   00000208    r-- .intvecs
  00000208    00000208    000007fe   000007fe    r-x .text
  00000a08    00000a08    00000040   00000040    r-- .cinit
20000000    20000000    00000490   00000000    rw-
  20000000    20000000    0000026c   00000000    rw- .vtable
  2000026c    2000026c    00000200   00000000    rw- .stack
  2000046c    2000046c    00000024   00000000    rw- .data


SECTION ALLOCATION MAP

 output                                  attributes/
section   page    origin      length       input sections
--------  ----  ----------  ----------   ----------------
.intvecs   0    00000000    00000208     
                  00000000    00000208     tm4c1294ncpdt_startup_ccs.obj (.intvecs)

.text      0    00000208    000007fe     
                  00000208    000001bc     main.obj (.text)
                  000003c4    00000132     driverlib.lib : gpio.obj (.text:GPIOPadConfigSet)
                  000004f6    000000a4                   : gpio.obj (.text:GPIOPadConfigGet)
                  0000059a    0000009c     rtsv7M4_T_le_v4SPD16_eabi.lib : memcpy_t2.obj (.text)
                  00000636    0000007a                                   : memset_t2.obj (.text)
                  000006b0    00000070                                   : autoinit.obj (.text)
                  00000720    00000068                                   : copy_decompress_lzss.obj (.text:decompress:lzss)
                  00000788    00000054                                   : boot.obj (.text)
                  000007dc    00000054                                   : exit.obj (.text)
                  00000830    0000004c                                   : cpy_tbl.obj (.text)
                  0000087c    00000038     driverlib.lib : sysctl.obj (.text:SysCtlPeripheralReady)
                  000008b4    00000034                   : interrupt.obj (.text:IntRegister)
                  000008e8    00000034                   : sysctl.obj (.text:SysCtlPeripheralEnable)
                  0000091c    0000002a                   : gpio.obj (.text:GPIODirModeSet)
                  00000946    00000002     rtsv7M4_T_le_v4SPD16_eabi.lib : _lock.obj (.text)
                  00000948    0000001c     driverlib.lib : systick.obj (.text:SysTickIntRegister)
                  00000964    00000018                   : gpio.obj (.text:GPIOPinTypeGPIOOutput)
                  0000097c    00000018     rtsv7M4_T_le_v4SPD16_eabi.lib : args_main.obj (.text)
                  00000994    00000014     driverlib.lib : systick.obj (.text:SysTickEnable)
                  000009a8    00000014                   : systick.obj (.text:SysTickIntEnable)
                  000009bc    00000010                   : systick.obj (.text:SysTickPeriodSet)
                  000009cc    0000000e     rtsv7M4_T_le_v4SPD16_eabi.lib : copy_decompress_none.obj (.text:decompress:none)
                  000009da    0000000c                                   : copy_zero_init.obj (.text:decompress:ZI)
                  000009e6    0000000c     tm4c1294ncpdt_startup_ccs.obj (.text)
                  000009f2    00000006     driverlib.lib : gpio.obj (.text:GPIOPinWrite)
                  000009f8    00000006                   : sysctl.obj (.text:SysCtlDelay)
                  000009fe    00000004     rtsv7M4_T_le_v4SPD16_eabi.lib : pre_init.obj (.text)
                  00000a02    00000002                                   : mpu_init.obj (.text)
                  00000a04    00000002                                   : startup.obj (.text)

.cinit     0    00000a08    00000040     
                  00000a08    00000015     (.cinit..data.load) [load image, compression = lzss]
                  00000a1d    00000003     --HOLE-- [fill = 0]
                  00000a20    0000000c     (__TI_handler_table)
                  00000a2c    00000004     --HOLE-- [fill = 0]
                  00000a30    00000008     (.cinit..vtable.load) [load image, compression = zero_init]
                  00000a38    00000010     (__TI_cinit_table)

.init_array 
*          0    00000000    00000000     UNINITIALIZED

.vtable    0    20000000    0000026c     UNINITIALIZED
                  20000000    0000026c     driverlib.lib : interrupt.obj (.vtable)

.data      0    2000046c    00000024     UNINITIALIZED
                  2000046c    0000000c     main.obj (.data:$O1$$)
                  20000478    0000000c     rtsv7M4_T_le_v4SPD16_eabi.lib : exit.obj (.data:$O1$$)
                  20000484    00000008                                   : _lock.obj (.data:$O2$$)
                  2000048c    00000004                                   : stkdepth_vars.obj (.data)

.stack     0    2000026c    00000200     UNINITIALIZED
                  2000026c    00000200     --HOLE--

MODULE SUMMARY

       Module                          code   ro data   rw data
       ------                          ----   -------   -------
    ./
       tm4c1294ncpdt_startup_ccs.obj   12     520       0      
       main.obj                        444    0         12     
    +--+-------------------------------+------+---------+---------+
       Total:                          456    520       12     
                                                               
    /Applications/ti/ccsv7/tools/compiler/ti-cgt-arm_16.9.4.LTS/lib/rtsv7M4_T_le_v4SPD16_eabi.lib
       memcpy_t2.obj                   156    0         0      
       memset_t2.obj                   122    0         0      
       autoinit.obj                    112    0         0      
       copy_decompress_lzss.obj        104    0         0      
       exit.obj                        84     0         12     
       boot.obj                        84     0         0      
       cpy_tbl.obj                     76     0         0      
       args_main.obj                   24     0         0      
       copy_decompress_none.obj        14     0         0      
       copy_zero_init.obj              12     0         0      
       _lock.obj                       2      0         8      
       pre_init.obj                    4      0         0      
       stkdepth_vars.obj               0      0         4      
       mpu_init.obj                    2      0         0      
       startup.obj                     2      0         0      
    +--+-------------------------------+------+---------+---------+
       Total:                          798    0         24     
                                                               
    /Users/addodennis/ti/TivaWare_C_Series-2.1.4.178/driverlib/ccs/Debug/driverlib.lib
       interrupt.obj                   52     0         620    
       gpio.obj                        542    0         0      
       sysctl.obj                      114    0         0      
       systick.obj                     84     0         0      
    +--+-------------------------------+------+---------+---------+
       Total:                          792    0         620    
                                                               
       Stack:                          0      0         512    
       Linker Generated:               0      57        0      
    +--+-------------------------------+------+---------+---------+
       Grand Total:                    2046   577       1168   


LINKER GENERATED COPY TABLES

__TI_cinit_table @ 00000a38 records: 2, size/record: 8, table size: 16
	.data: load addr=00000a08, load size=00000015 bytes, run addr=2000046c, run size=00000024 bytes, compression=lzss
	.vtable: load addr=00000a30, load size=00000008 bytes, run addr=20000000, run size=0000026c bytes, compression=zero_init


LINKER GENERATED HANDLER TABLE

__TI_handler_table @ 00000a20 records: 3, size/record: 4, table size: 12
	index: 0, handler: __TI_zero_init
	index: 1, handler: __TI_decompress_lzss
	index: 2, handler: __TI_decompress_none


GLOBAL SYMBOLS: SORTED ALPHABETICALLY BY Name 

address   name                           
-------   ----                           
000007dd  C$$EXIT                        
0000091d  GPIODirModeSet                 
000004f7  GPIOPadConfigGet               
000003c5  GPIOPadConfigSet               
00000965  GPIOPinTypeGPIOOutput          
000009f3  GPIOPinWrite                   
000008b5  IntRegister                    
000009e7  ResetISR                       
UNDEFED   SHT$$INIT_ARRAY$$Base          
UNDEFED   SHT$$INIT_ARRAY$$Limit         
000009f9  SysCtlDelay                    
000008e9  SysCtlPeripheralEnable         
0000087d  SysCtlPeripheralReady          
00000995  SysTickEnable                  
000009a9  SysTickIntEnable               
00000949  SysTickIntRegister             
000009bd  SysTickPeriodSet               
2000046c  __STACK_END                    
00000200  __STACK_SIZE                   
2000046c  __STACK_TOP                    
00000a38  __TI_CINIT_Base                
00000a48  __TI_CINIT_Limit               
00000a20  __TI_Handler_Table_Base        
00000a2c  __TI_Handler_Table_Limit       
000006b1  __TI_auto_init                 
20000478  __TI_cleanup_ptr               
00000721  __TI_decompress_lzss           
000009cd  __TI_decompress_none           
2000047c  __TI_dtors_ptr                 
20000480  __TI_enable_exit_profile_output
ffffffff  __TI_pprof_out_hndl            
ffffffff  __TI_prof_data_size            
ffffffff  __TI_prof_data_start           
00000000  __TI_static_base__             
000009db  __TI_zero_init                 
00000637  __aeabi_memclr                 
00000637  __aeabi_memclr4                
00000637  __aeabi_memclr8                
0000059b  __aeabi_memcpy                 
0000059b  __aeabi_memcpy4                
0000059b  __aeabi_memcpy8                
00000639  __aeabi_memset                 
00000639  __aeabi_memset4                
00000639  __aeabi_memset8                
ffffffff  __binit__                      
ffffffff  __c_args__                     
00000a03  __mpu_init                     
2000026c  __stack                        
0000097d  _args_main                     
00000789  _c_int00                       
20000484  _lock                          
00000947  _nop                           
00000a05  _system_post_cinit             
000009ff  _system_pre_init               
20000488  _unlock                        
000007e1  abort                          
ffffffff  binit                          
00000831  copy_in                        
000007e9  exit                           
20000000  g_pfnRAMVectors                
00000000  g_pfnVectors                   
00000209  main                           
2000048c  main_func_sp                   
0000059b  memcpy                         
0000063f  memset                         


GLOBAL SYMBOLS: SORTED BY Symbol Address 

address   name                           
-------   ----                           
00000000  __TI_static_base__             
00000000  g_pfnVectors                   
00000200  __STACK_SIZE                   
00000209  main                           
000003c5  GPIOPadConfigSet               
000004f7  GPIOPadConfigGet               
0000059b  __aeabi_memcpy                 
0000059b  __aeabi_memcpy4                
0000059b  __aeabi_memcpy8                
0000059b  memcpy                         
00000637  __aeabi_memclr                 
00000637  __aeabi_memclr4                
00000637  __aeabi_memclr8                
00000639  __aeabi_memset                 
00000639  __aeabi_memset4                
00000639  __aeabi_memset8                
0000063f  memset                         
000006b1  __TI_auto_init                 
00000721  __TI_decompress_lzss           
00000789  _c_int00                       
000007dd  C$$EXIT                        
000007e1  abort                          
000007e9  exit                           
00000831  copy_in                        
0000087d  SysCtlPeripheralReady          
000008b5  IntRegister                    
000008e9  SysCtlPeripheralEnable         
0000091d  GPIODirModeSet                 
00000947  _nop                           
00000949  SysTickIntRegister             
00000965  GPIOPinTypeGPIOOutput          
0000097d  _args_main                     
00000995  SysTickEnable                  
000009a9  SysTickIntEnable               
000009bd  SysTickPeriodSet               
000009cd  __TI_decompress_none           
000009db  __TI_zero_init                 
000009e7  ResetISR                       
000009f3  GPIOPinWrite                   
000009f9  SysCtlDelay                    
000009ff  _system_pre_init               
00000a03  __mpu_init                     
00000a05  _system_post_cinit             
00000a20  __TI_Handler_Table_Base        
00000a2c  __TI_Handler_Table_Limit       
00000a38  __TI_CINIT_Base                
00000a48  __TI_CINIT_Limit               
20000000  g_pfnRAMVectors                
2000026c  __stack                        
2000046c  __STACK_END                    
2000046c  __STACK_TOP                    
20000478  __TI_cleanup_ptr               
2000047c  __TI_dtors_ptr                 
20000480  __TI_enable_exit_profile_output
20000484  _lock                          
20000488  _unlock                        
2000048c  main_func_sp                   
ffffffff  __TI_pprof_out_hndl            
ffffffff  __TI_prof_data_size            
ffffffff  __TI_prof_data_start           
ffffffff  __binit__                      
ffffffff  __c_args__                     
ffffffff  binit                          
UNDEFED   SHT$$INIT_ARRAY$$Base          
UNDEFED   SHT$$INIT_ARRAY$$Limit         

[65 symbols]
