******************************************************************************
                  TI ARM Linker Unix v16.9.4                   
******************************************************************************
>> Linked Thu Oct 19 21:18:41 2017

OUTPUT FILE NAME:   <LiveTest101.out>
ENTRY POINT SYMBOL: "_c_int00"  address: 000006ed


MEMORY CONFIGURATION

         name            origin    length      used     unused   attr    fill
----------------------  --------  ---------  --------  --------  ----  --------
  FLASH                 00000000   00100000  00000910  000ff6f0  R  X
  SRAM                  20000000   00040000  00000218  0003fde8  RW X


SEGMENT ALLOCATION MAP

run origin  load origin   length   init length attrs members
----------  ----------- ---------- ----------- ----- -------
00000000    00000000    00000914   00000914    r-x
  00000000    00000000    00000208   00000208    r-- .intvecs
  00000208    00000208    000006e4   000006e4    r-x .text
  000008f0    000008f0    00000024   00000024    r-- .cinit
20000000    20000000    00000218   00000000    rw-
  20000000    20000000    00000200   00000000    rw- .stack
  20000200    20000200    00000018   00000000    rw- .data


SECTION ALLOCATION MAP

 output                                  attributes/
section   page    origin      length       input sections
--------  ----  ----------  ----------   ----------------
.intvecs   0    00000000    00000208     
                  00000000    00000208     tm4c1294ncpdt_startup_ccs.obj (.intvecs)

.text      0    00000208    000006e4     
                  00000208    00000198     main.obj (.text)
                  000003a0    00000132     driverlib.lib : gpio.obj (.text:GPIOPadConfigSet)
                  000004d2    000000a4                   : gpio.obj (.text:GPIOPadConfigGet)
                  00000576    0000009c     rtsv7M4_T_le_v4SPD16_eabi.lib : memcpy_t2.obj (.text)
                  00000612    00000002                                   : _lock.obj (.text)
                  00000614    00000070                                   : autoinit.obj (.text)
                  00000684    00000068                                   : copy_decompress_lzss.obj (.text:decompress:lzss)
                  000006ec    00000054                                   : boot.obj (.text)
                  00000740    00000054                                   : exit.obj (.text)
                  00000794    0000004c                                   : cpy_tbl.obj (.text)
                  000007e0    00000038     driverlib.lib : sysctl.obj (.text:SysCtlPeripheralReady)
                  00000818    00000034                   : sysctl.obj (.text:SysCtlPeripheralEnable)
                  0000084c    0000002a                   : gpio.obj (.text:GPIODirModeSet)
                  00000876    00000018                   : gpio.obj (.text:GPIOPinTypeGPIOOutput)
                  0000088e    00000002     rtsv7M4_T_le_v4SPD16_eabi.lib : mpu_init.obj (.text)
                  00000890    00000018                                   : args_main.obj (.text)
                  000008a8    00000012     driverlib.lib : gpio.obj (.text:GPIOPinTypeGPIOInput)
                  000008ba    0000000e     rtsv7M4_T_le_v4SPD16_eabi.lib : copy_decompress_none.obj (.text:decompress:none)
                  000008c8    0000000c     tm4c1294ncpdt_startup_ccs.obj (.text)
                  000008d4    00000006     driverlib.lib : gpio.obj (.text:GPIOPinRead)
                  000008da    00000006                   : gpio.obj (.text:GPIOPinWrite)
                  000008e0    00000006                   : sysctl.obj (.text:SysCtlDelay)
                  000008e6    00000004     rtsv7M4_T_le_v4SPD16_eabi.lib : pre_init.obj (.text)
                  000008ea    00000002                                   : startup.obj (.text)

.cinit     0    000008f0    00000024     
                  000008f0    00000011     (.cinit..data.load) [load image, compression = lzss]
                  00000901    00000003     --HOLE-- [fill = 0]
                  00000904    00000008     (__TI_handler_table)
                  0000090c    00000008     (__TI_cinit_table)

.init_array 
*          0    00000000    00000000     UNINITIALIZED

.data      0    20000200    00000018     UNINITIALIZED
                  20000200    0000000c     rtsv7M4_T_le_v4SPD16_eabi.lib : exit.obj (.data:$O1$$)
                  2000020c    00000008                                   : _lock.obj (.data:$O1$$)
                  20000214    00000004                                   : stkdepth_vars.obj (.data)

.stack     0    20000000    00000200     UNINITIALIZED
                  20000000    00000200     --HOLE--

MODULE SUMMARY

       Module                          code   ro data   rw data
       ------                          ----   -------   -------
    ./
       tm4c1294ncpdt_startup_ccs.obj   12     520       0      
       main.obj                        408    0         0      
    +--+-------------------------------+------+---------+---------+
       Total:                          420    520       0      
                                                               
    /Applications/ti/ccsv7/tools/compiler/ti-cgt-arm_16.9.4.LTS/lib/rtsv7M4_T_le_v4SPD16_eabi.lib
       memcpy_t2.obj                   156    0         0      
       autoinit.obj                    112    0         0      
       copy_decompress_lzss.obj        104    0         0      
       exit.obj                        84     0         12     
       boot.obj                        84     0         0      
       cpy_tbl.obj                     76     0         0      
       args_main.obj                   24     0         0      
       copy_decompress_none.obj        14     0         0      
       _lock.obj                       2      0         8      
       pre_init.obj                    4      0         0      
       stkdepth_vars.obj               0      0         4      
       mpu_init.obj                    2      0         0      
       startup.obj                     2      0         0      
    +--+-------------------------------+------+---------+---------+
       Total:                          664    0         24     
                                                               
    /Users/addodennis/ti/TivaWare_C_Series-2.1.4.178/driverlib/ccs/Debug/driverlib.lib
       gpio.obj                        566    0         0      
       sysctl.obj                      114    0         0      
    +--+-------------------------------+------+---------+---------+
       Total:                          680    0         0      
                                                               
       Stack:                          0      0         512    
       Linker Generated:               0      33        0      
    +--+-------------------------------+------+---------+---------+
       Grand Total:                    1764   553       536    


LINKER GENERATED COPY TABLES

__TI_cinit_table @ 0000090c records: 1, size/record: 8, table size: 8
	.data: load addr=000008f0, load size=00000011 bytes, run addr=20000200, run size=00000018 bytes, compression=lzss


LINKER GENERATED HANDLER TABLE

__TI_handler_table @ 00000904 records: 2, size/record: 4, table size: 8
	index: 0, handler: __TI_decompress_lzss
	index: 1, handler: __TI_decompress_none


GLOBAL SYMBOLS: SORTED ALPHABETICALLY BY Name 

address   name                           
-------   ----                           
00000209  BlinkLED                       
00000741  C$$EXIT                        
0000084d  GPIODirModeSet                 
000004d3  GPIOPadConfigGet               
000003a1  GPIOPadConfigSet               
000008d5  GPIOPinRead                    
000008a9  GPIOPinTypeGPIOInput           
00000877  GPIOPinTypeGPIOOutput          
000008db  GPIOPinWrite                   
000008c9  ResetISR                       
UNDEFED   SHT$$INIT_ARRAY$$Base          
UNDEFED   SHT$$INIT_ARRAY$$Limit         
000008e1  SysCtlDelay                    
00000819  SysCtlPeripheralEnable         
000007e1  SysCtlPeripheralReady          
20000200  __STACK_END                    
00000200  __STACK_SIZE                   
20000200  __STACK_TOP                    
0000090c  __TI_CINIT_Base                
00000914  __TI_CINIT_Limit               
00000904  __TI_Handler_Table_Base        
0000090c  __TI_Handler_Table_Limit       
00000615  __TI_auto_init                 
20000200  __TI_cleanup_ptr               
00000685  __TI_decompress_lzss           
000008bb  __TI_decompress_none           
20000204  __TI_dtors_ptr                 
20000208  __TI_enable_exit_profile_output
ffffffff  __TI_pprof_out_hndl            
ffffffff  __TI_prof_data_size            
ffffffff  __TI_prof_data_start           
00000000  __TI_static_base__             
00000577  __aeabi_memcpy                 
00000577  __aeabi_memcpy4                
00000577  __aeabi_memcpy8                
ffffffff  __binit__                      
ffffffff  __c_args__                     
0000088f  __mpu_init                     
20000000  __stack                        
00000891  _args_main                     
000006ed  _c_int00                       
2000020c  _lock                          
00000613  _nop                           
000008eb  _system_post_cinit             
000008e7  _system_pre_init               
20000210  _unlock                        
00000745  abort                          
ffffffff  binit                          
00000795  copy_in                        
0000074d  exit                           
00000000  g_pfnVectors                   
0000023f  main                           
20000214  main_func_sp                   
00000577  memcpy                         


GLOBAL SYMBOLS: SORTED BY Symbol Address 

address   name                           
-------   ----                           
00000000  __TI_static_base__             
00000000  g_pfnVectors                   
00000200  __STACK_SIZE                   
00000209  BlinkLED                       
0000023f  main                           
000003a1  GPIOPadConfigSet               
000004d3  GPIOPadConfigGet               
00000577  __aeabi_memcpy                 
00000577  __aeabi_memcpy4                
00000577  __aeabi_memcpy8                
00000577  memcpy                         
00000613  _nop                           
00000615  __TI_auto_init                 
00000685  __TI_decompress_lzss           
000006ed  _c_int00                       
00000741  C$$EXIT                        
00000745  abort                          
0000074d  exit                           
00000795  copy_in                        
000007e1  SysCtlPeripheralReady          
00000819  SysCtlPeripheralEnable         
0000084d  GPIODirModeSet                 
00000877  GPIOPinTypeGPIOOutput          
0000088f  __mpu_init                     
00000891  _args_main                     
000008a9  GPIOPinTypeGPIOInput           
000008bb  __TI_decompress_none           
000008c9  ResetISR                       
000008d5  GPIOPinRead                    
000008db  GPIOPinWrite                   
000008e1  SysCtlDelay                    
000008e7  _system_pre_init               
000008eb  _system_post_cinit             
00000904  __TI_Handler_Table_Base        
0000090c  __TI_CINIT_Base                
0000090c  __TI_Handler_Table_Limit       
00000914  __TI_CINIT_Limit               
20000000  __stack                        
20000200  __STACK_END                    
20000200  __STACK_TOP                    
20000200  __TI_cleanup_ptr               
20000204  __TI_dtors_ptr                 
20000208  __TI_enable_exit_profile_output
2000020c  _lock                          
20000210  _unlock                        
20000214  main_func_sp                   
ffffffff  __TI_pprof_out_hndl            
ffffffff  __TI_prof_data_size            
ffffffff  __TI_prof_data_start           
ffffffff  __binit__                      
ffffffff  __c_args__                     
ffffffff  binit                          
UNDEFED   SHT$$INIT_ARRAY$$Base          
UNDEFED   SHT$$INIT_ARRAY$$Limit         

[54 symbols]
