******************************************************************************
                  TI ARM Linker Unix v16.9.4                   
******************************************************************************
>> Linked Sat Sep 30 23:21:33 2017

OUTPUT FILE NAME:   <LiveTest1.out>
ENTRY POINT SYMBOL: "_c_int00"  address: 000006c9


MEMORY CONFIGURATION

         name            origin    length      used     unused   attr    fill
----------------------  --------  ---------  --------  --------  ----  --------
  FLASH                 00000000   00100000  000008ec  000ff714  R  X
  SRAM                  20000000   00040000  00000218  0003fde8  RW X


SEGMENT ALLOCATION MAP

run origin  load origin   length   init length attrs members
----------  ----------- ---------- ----------- ----- -------
00000000    00000000    000008ec   000008ec    r-x
  00000000    00000000    00000208   00000208    r-- .intvecs
  00000208    00000208    000006c0   000006c0    r-x .text
  000008c8    000008c8    00000024   00000024    r-- .cinit
20000000    20000000    00000218   00000000    rw-
  20000000    20000000    00000200   00000000    rw- .stack
  20000200    20000200    00000018   00000000    rw- .data


SECTION ALLOCATION MAP

 output                                  attributes/
section   page    origin      length       input sections
--------  ----  ----------  ----------   ----------------
.intvecs   0    00000000    00000208     
                  00000000    00000208     tm4c1294ncpdt_startup_ccs.obj (.intvecs)

.text      0    00000208    000006c0     
                  00000208    00000174     main.obj (.text)
                  0000037c    00000132     driverlib.lib : gpio.obj (.text:GPIOPadConfigSet)
                  000004ae    000000a4                   : gpio.obj (.text:GPIOPadConfigGet)
                  00000552    0000009c     rtsv7M4_T_le_v4SPD16_eabi.lib : memcpy_t2.obj (.text)
                  000005ee    00000002                                   : _lock.obj (.text)
                  000005f0    00000070                                   : autoinit.obj (.text)
                  00000660    00000068                                   : copy_decompress_lzss.obj (.text:decompress:lzss)
                  000006c8    00000054                                   : boot.obj (.text)
                  0000071c    00000054                                   : exit.obj (.text)
                  00000770    0000004c                                   : cpy_tbl.obj (.text)
                  000007bc    00000038     driverlib.lib : sysctl.obj (.text:SysCtlPeripheralReady)
                  000007f4    00000034                   : sysctl.obj (.text:SysCtlPeripheralEnable)
                  00000828    0000002a                   : gpio.obj (.text:GPIODirModeSet)
                  00000852    00000018                   : gpio.obj (.text:GPIOPinTypeGPIOOutput)
                  0000086a    00000002     rtsv7M4_T_le_v4SPD16_eabi.lib : mpu_init.obj (.text)
                  0000086c    00000018                                   : args_main.obj (.text)
                  00000884    00000012     driverlib.lib : gpio.obj (.text:GPIOPinTypeGPIOInput)
                  00000896    0000000e     rtsv7M4_T_le_v4SPD16_eabi.lib : copy_decompress_none.obj (.text:decompress:none)
                  000008a4    0000000c     tm4c1294ncpdt_startup_ccs.obj (.text)
                  000008b0    00000006     driverlib.lib : gpio.obj (.text:GPIOPinRead)
                  000008b6    00000006                   : gpio.obj (.text:GPIOPinWrite)
                  000008bc    00000006                   : sysctl.obj (.text:SysCtlDelay)
                  000008c2    00000004     rtsv7M4_T_le_v4SPD16_eabi.lib : pre_init.obj (.text)
                  000008c6    00000002                                   : startup.obj (.text)

.cinit     0    000008c8    00000024     
                  000008c8    00000011     (.cinit..data.load) [load image, compression = lzss]
                  000008d9    00000003     --HOLE-- [fill = 0]
                  000008dc    00000008     (__TI_handler_table)
                  000008e4    00000008     (__TI_cinit_table)

.init_array 
*          0    00000000    00000000     UNINITIALIZED

.data      0    20000200    00000018     UNINITIALIZED
                  20000200    0000000c     rtsv7M4_T_le_v4SPD16_eabi.lib : exit.obj (.data:$O1$$)
                  2000020c    00000008                                   : _lock.obj (.data:$O1$$)
                  20000214    00000004                                   : stkdepth_vars.obj (.data)

.stack     0    20000000    00000200     UNINITIALIZED
                  20000000    00000200     --HOLE--

MODULE SUMMARY

       Module                          code   ro data   rw data
       ------                          ----   -------   -------
    ./
       tm4c1294ncpdt_startup_ccs.obj   12     520       0      
       main.obj                        372    0         0      
    +--+-------------------------------+------+---------+---------+
       Total:                          384    520       0      
                                                               
    /Applications/ti/ccsv7/tools/compiler/ti-cgt-arm_16.9.4.LTS/lib/rtsv7M4_T_le_v4SPD16_eabi.lib
       memcpy_t2.obj                   156    0         0      
       autoinit.obj                    112    0         0      
       copy_decompress_lzss.obj        104    0         0      
       exit.obj                        84     0         12     
       boot.obj                        84     0         0      
       cpy_tbl.obj                     76     0         0      
       args_main.obj                   24     0         0      
       copy_decompress_none.obj        14     0         0      
       _lock.obj                       2      0         8      
       pre_init.obj                    4      0         0      
       stkdepth_vars.obj               0      0         4      
       mpu_init.obj                    2      0         0      
       startup.obj                     2      0         0      
    +--+-------------------------------+------+---------+---------+
       Total:                          664    0         24     
                                                               
    /Users/addodennis/ti/TivaWare_C_Series-2.1.4.178/driverlib/ccs/Debug/driverlib.lib
       gpio.obj                        566    0         0      
       sysctl.obj                      114    0         0      
    +--+-------------------------------+------+---------+---------+
       Total:                          680    0         0      
                                                               
       Stack:                          0      0         512    
       Linker Generated:               0      33        0      
    +--+-------------------------------+------+---------+---------+
       Grand Total:                    1728   553       536    


LINKER GENERATED COPY TABLES

__TI_cinit_table @ 000008e4 records: 1, size/record: 8, table size: 8
	.data: load addr=000008c8, load size=00000011 bytes, run addr=20000200, run size=00000018 bytes, compression=lzss


LINKER GENERATED HANDLER TABLE

__TI_handler_table @ 000008dc records: 2, size/record: 4, table size: 8
	index: 0, handler: __TI_decompress_lzss
	index: 1, handler: __TI_decompress_none


GLOBAL SYMBOLS: SORTED ALPHABETICALLY BY Name 

address   name                           
-------   ----                           
0000071d  C$$EXIT                        
00000829  GPIODirModeSet                 
000004af  GPIOPadConfigGet               
0000037d  GPIOPadConfigSet               
000008b1  GPIOPinRead                    
00000885  GPIOPinTypeGPIOInput           
00000853  GPIOPinTypeGPIOOutput          
000008b7  GPIOPinWrite                   
000008a5  ResetISR                       
UNDEFED   SHT$$INIT_ARRAY$$Base          
UNDEFED   SHT$$INIT_ARRAY$$Limit         
000008bd  SysCtlDelay                    
000007f5  SysCtlPeripheralEnable         
000007bd  SysCtlPeripheralReady          
20000200  __STACK_END                    
00000200  __STACK_SIZE                   
20000200  __STACK_TOP                    
000008e4  __TI_CINIT_Base                
000008ec  __TI_CINIT_Limit               
000008dc  __TI_Handler_Table_Base        
000008e4  __TI_Handler_Table_Limit       
000005f1  __TI_auto_init                 
20000200  __TI_cleanup_ptr               
00000661  __TI_decompress_lzss           
00000897  __TI_decompress_none           
20000204  __TI_dtors_ptr                 
20000208  __TI_enable_exit_profile_output
ffffffff  __TI_pprof_out_hndl            
ffffffff  __TI_prof_data_size            
ffffffff  __TI_prof_data_start           
00000000  __TI_static_base__             
00000553  __aeabi_memcpy                 
00000553  __aeabi_memcpy4                
00000553  __aeabi_memcpy8                
ffffffff  __binit__                      
ffffffff  __c_args__                     
0000086b  __mpu_init                     
20000000  __stack                        
0000086d  _args_main                     
000006c9  _c_int00                       
2000020c  _lock                          
000005ef  _nop                           
000008c7  _system_post_cinit             
000008c3  _system_pre_init               
20000210  _unlock                        
00000721  abort                          
ffffffff  binit                          
00000771  copy_in                        
00000729  exit                           
00000000  g_pfnVectors                   
00000209  main                           
20000214  main_func_sp                   
00000553  memcpy                         


GLOBAL SYMBOLS: SORTED BY Symbol Address 

address   name                           
-------   ----                           
00000000  __TI_static_base__             
00000000  g_pfnVectors                   
00000200  __STACK_SIZE                   
00000209  main                           
0000037d  GPIOPadConfigSet               
000004af  GPIOPadConfigGet               
00000553  __aeabi_memcpy                 
00000553  __aeabi_memcpy4                
00000553  __aeabi_memcpy8                
00000553  memcpy                         
000005ef  _nop                           
000005f1  __TI_auto_init                 
00000661  __TI_decompress_lzss           
000006c9  _c_int00                       
0000071d  C$$EXIT                        
00000721  abort                          
00000729  exit                           
00000771  copy_in                        
000007bd  SysCtlPeripheralReady          
000007f5  SysCtlPeripheralEnable         
00000829  GPIODirModeSet                 
00000853  GPIOPinTypeGPIOOutput          
0000086b  __mpu_init                     
0000086d  _args_main                     
00000885  GPIOPinTypeGPIOInput           
00000897  __TI_decompress_none           
000008a5  ResetISR                       
000008b1  GPIOPinRead                    
000008b7  GPIOPinWrite                   
000008bd  SysCtlDelay                    
000008c3  _system_pre_init               
000008c7  _system_post_cinit             
000008dc  __TI_Handler_Table_Base        
000008e4  __TI_CINIT_Base                
000008e4  __TI_Handler_Table_Limit       
000008ec  __TI_CINIT_Limit               
20000000  __stack                        
20000200  __STACK_END                    
20000200  __STACK_TOP                    
20000200  __TI_cleanup_ptr               
20000204  __TI_dtors_ptr                 
20000208  __TI_enable_exit_profile_output
2000020c  _lock                          
20000210  _unlock                        
20000214  main_func_sp                   
ffffffff  __TI_pprof_out_hndl            
ffffffff  __TI_prof_data_size            
ffffffff  __TI_prof_data_start           
ffffffff  __binit__                      
ffffffff  __c_args__                     
ffffffff  binit                          
UNDEFED   SHT$$INIT_ARRAY$$Base          
UNDEFED   SHT$$INIT_ARRAY$$Limit         

[53 symbols]
