******************************************************************************
                  TI ARM Linker Unix v16.9.4                   
******************************************************************************
>> Linked Tue Oct 31 13:09:51 2017

OUTPUT FILE NAME:   <LiveTestWithPWM.out>
ENTRY POINT SYMBOL: "_c_int00"  address: 00000701


MEMORY CONFIGURATION

         name            origin    length      used     unused   attr    fill
----------------------  --------  ---------  --------  --------  ----  --------
  FLASH                 00000000   00100000  000009ac  000ff654  R  X
  SRAM                  20000000   00040000  00000488  0003fb78  RW X


SEGMENT ALLOCATION MAP

run origin  load origin   length   init length attrs members
----------  ----------- ---------- ----------- ----- -------
00000000    00000000    000009b0   000009b0    r-x
  00000000    00000000    00000208   00000208    r-- .intvecs
  00000208    00000208    0000076c   0000076c    r-x .text
  00000978    00000978    00000038   00000038    r-- .cinit
20000000    20000000    00000488   00000000    rw-
  20000000    20000000    0000026c   00000000    rw- .vtable
  2000026c    2000026c    00000200   00000000    rw- .stack
  2000046c    2000046c    0000001c   00000000    rw- .data


SECTION ALLOCATION MAP

 output                                  attributes/
section   page    origin      length       input sections
--------  ----  ----------  ----------   ----------------
.intvecs   0    00000000    00000208     
                  00000000    00000208     tm4c1294ncpdt_startup_ccs.obj (.intvecs)

.text      0    00000208    0000076c     
                  00000208    00000132     driverlib.lib : gpio.obj (.text:GPIOPadConfigSet)
                  0000033a    00000002     rtsv7M4_T_le_v4SPD16_eabi.lib : _lock.obj (.text)
                  0000033c    00000130     main.obj (.text)
                  0000046c    000000a4     driverlib.lib : gpio.obj (.text:GPIOPadConfigGet)
                  00000510    0000009c     rtsv7M4_T_le_v4SPD16_eabi.lib : memcpy_t2.obj (.text)
                  000005ac    0000007a                                   : memset_t2.obj (.text)
                  00000626    00000002                                   : mpu_init.obj (.text)
                  00000628    00000070                                   : autoinit.obj (.text)
                  00000698    00000068                                   : copy_decompress_lzss.obj (.text:decompress:lzss)
                  00000700    00000054                                   : boot.obj (.text)
                  00000754    00000054                                   : exit.obj (.text)
                  000007a8    0000004c                                   : cpy_tbl.obj (.text)
                  000007f4    00000038     driverlib.lib : sysctl.obj (.text:SysCtlPeripheralReady)
                  0000082c    00000034                   : interrupt.obj (.text:IntRegister)
                  00000860    00000034                   : sysctl.obj (.text:SysCtlPeripheralEnable)
                  00000894    0000002a                   : gpio.obj (.text:GPIODirModeSet)
                  000008be    00000002     rtsv7M4_T_le_v4SPD16_eabi.lib : startup.obj (.text)
                  000008c0    0000001c     driverlib.lib : systick.obj (.text:SysTickIntRegister)
                  000008dc    00000018                   : gpio.obj (.text:GPIOPinTypeGPIOOutput)
                  000008f4    00000018     rtsv7M4_T_le_v4SPD16_eabi.lib : args_main.obj (.text)
                  0000090c    00000014     driverlib.lib : systick.obj (.text:SysTickEnable)
                  00000920    00000014                   : systick.obj (.text:SysTickIntEnable)
                  00000934    00000010                   : systick.obj (.text:SysTickPeriodSet)
                  00000944    0000000e     rtsv7M4_T_le_v4SPD16_eabi.lib : copy_decompress_none.obj (.text:decompress:none)
                  00000952    0000000c                                   : copy_zero_init.obj (.text:decompress:ZI)
                  0000095e    0000000c     tm4c1294ncpdt_startup_ccs.obj (.text)
                  0000096a    00000006     driverlib.lib : gpio.obj (.text:GPIOPinWrite)
                  00000970    00000004     rtsv7M4_T_le_v4SPD16_eabi.lib : pre_init.obj (.text)

.cinit     0    00000978    00000038     
                  00000978    00000011     (.cinit..data.load) [load image, compression = lzss]
                  00000989    00000003     --HOLE-- [fill = 0]
                  0000098c    0000000c     (__TI_handler_table)
                  00000998    00000008     (.cinit..vtable.load) [load image, compression = zero_init]
                  000009a0    00000010     (__TI_cinit_table)

.init_array 
*          0    00000000    00000000     UNINITIALIZED

.vtable    0    20000000    0000026c     UNINITIALIZED
                  20000000    0000026c     driverlib.lib : interrupt.obj (.vtable)

.data      0    2000046c    0000001c     UNINITIALIZED
                  2000046c    0000000c     rtsv7M4_T_le_v4SPD16_eabi.lib : exit.obj (.data:$O1$$)
                  20000478    00000008                                   : _lock.obj (.data:$O1$$)
                  20000480    00000004     main.obj (.data)
                  20000484    00000004     rtsv7M4_T_le_v4SPD16_eabi.lib : stkdepth_vars.obj (.data)

.stack     0    2000026c    00000200     UNINITIALIZED
                  2000026c    00000200     --HOLE--

MODULE SUMMARY

       Module                          code   ro data   rw data
       ------                          ----   -------   -------
    ./
       tm4c1294ncpdt_startup_ccs.obj   12     520       0      
       main.obj                        304    0         4      
    +--+-------------------------------+------+---------+---------+
       Total:                          316    520       4      
                                                               
    /Applications/ti/ccsv7/tools/compiler/ti-cgt-arm_16.9.4.LTS/lib/rtsv7M4_T_le_v4SPD16_eabi.lib
       memcpy_t2.obj                   156    0         0      
       memset_t2.obj                   122    0         0      
       autoinit.obj                    112    0         0      
       copy_decompress_lzss.obj        104    0         0      
       exit.obj                        84     0         12     
       boot.obj                        84     0         0      
       cpy_tbl.obj                     76     0         0      
       args_main.obj                   24     0         0      
       copy_decompress_none.obj        14     0         0      
       copy_zero_init.obj              12     0         0      
       _lock.obj                       2      0         8      
       pre_init.obj                    4      0         0      
       stkdepth_vars.obj               0      0         4      
       mpu_init.obj                    2      0         0      
       startup.obj                     2      0         0      
    +--+-------------------------------+------+---------+---------+
       Total:                          798    0         24     
                                                               
    /Users/addodennis/ti/TivaWare_C_Series-2.1.4.178/driverlib/ccs/Debug/driverlib.lib
       interrupt.obj                   52     0         620    
       gpio.obj                        542    0         0      
       sysctl.obj                      108    0         0      
       systick.obj                     84     0         0      
    +--+-------------------------------+------+---------+---------+
       Total:                          786    0         620    
                                                               
       Stack:                          0      0         512    
       Linker Generated:               0      53        0      
    +--+-------------------------------+------+---------+---------+
       Grand Total:                    1900   573       1160   


LINKER GENERATED COPY TABLES

__TI_cinit_table @ 000009a0 records: 2, size/record: 8, table size: 16
	.data: load addr=00000978, load size=00000011 bytes, run addr=2000046c, run size=0000001c bytes, compression=lzss
	.vtable: load addr=00000998, load size=00000008 bytes, run addr=20000000, run size=0000026c bytes, compression=zero_init


LINKER GENERATED HANDLER TABLE

__TI_handler_table @ 0000098c records: 3, size/record: 4, table size: 12
	index: 0, handler: __TI_zero_init
	index: 1, handler: __TI_decompress_lzss
	index: 2, handler: __TI_decompress_none


GLOBAL SYMBOLS: SORTED ALPHABETICALLY BY Name 

address   name                           
-------   ----                           
00000755  C$$EXIT                        
00000895  GPIODirModeSet                 
0000046d  GPIOPadConfigGet               
00000209  GPIOPadConfigSet               
000008dd  GPIOPinTypeGPIOOutput          
0000096b  GPIOPinWrite                   
0000082d  IntRegister                    
0000095f  ResetISR                       
UNDEFED   SHT$$INIT_ARRAY$$Base          
UNDEFED   SHT$$INIT_ARRAY$$Limit         
00000861  SysCtlPeripheralEnable         
000007f5  SysCtlPeripheralReady          
0000090d  SysTickEnable                  
00000921  SysTickIntEnable               
000008c1  SysTickIntRegister             
00000935  SysTickPeriodSet               
2000046c  __STACK_END                    
00000200  __STACK_SIZE                   
2000046c  __STACK_TOP                    
000009a0  __TI_CINIT_Base                
000009b0  __TI_CINIT_Limit               
0000098c  __TI_Handler_Table_Base        
00000998  __TI_Handler_Table_Limit       
00000629  __TI_auto_init                 
2000046c  __TI_cleanup_ptr               
00000699  __TI_decompress_lzss           
00000945  __TI_decompress_none           
20000470  __TI_dtors_ptr                 
20000474  __TI_enable_exit_profile_output
ffffffff  __TI_pprof_out_hndl            
ffffffff  __TI_prof_data_size            
ffffffff  __TI_prof_data_start           
00000000  __TI_static_base__             
00000953  __TI_zero_init                 
000005ad  __aeabi_memclr                 
000005ad  __aeabi_memclr4                
000005ad  __aeabi_memclr8                
00000511  __aeabi_memcpy                 
00000511  __aeabi_memcpy4                
00000511  __aeabi_memcpy8                
000005af  __aeabi_memset                 
000005af  __aeabi_memset4                
000005af  __aeabi_memset8                
ffffffff  __binit__                      
ffffffff  __c_args__                     
00000627  __mpu_init                     
2000026c  __stack                        
000008f5  _args_main                     
00000701  _c_int00                       
20000478  _lock                          
0000033b  _nop                           
000008bf  _system_post_cinit             
00000971  _system_pre_init               
2000047c  _unlock                        
00000759  abort                          
ffffffff  binit                          
000007a9  copy_in                        
00000761  exit                           
20000000  g_pfnRAMVectors                
00000000  g_pfnVectors                   
0000033d  main                           
20000484  main_func_sp                   
00000511  memcpy                         
000005b5  memset                         


GLOBAL SYMBOLS: SORTED BY Symbol Address 

address   name                           
-------   ----                           
00000000  __TI_static_base__             
00000000  g_pfnVectors                   
00000200  __STACK_SIZE                   
00000209  GPIOPadConfigSet               
0000033b  _nop                           
0000033d  main                           
0000046d  GPIOPadConfigGet               
00000511  __aeabi_memcpy                 
00000511  __aeabi_memcpy4                
00000511  __aeabi_memcpy8                
00000511  memcpy                         
000005ad  __aeabi_memclr                 
000005ad  __aeabi_memclr4                
000005ad  __aeabi_memclr8                
000005af  __aeabi_memset                 
000005af  __aeabi_memset4                
000005af  __aeabi_memset8                
000005b5  memset                         
00000627  __mpu_init                     
00000629  __TI_auto_init                 
00000699  __TI_decompress_lzss           
00000701  _c_int00                       
00000755  C$$EXIT                        
00000759  abort                          
00000761  exit                           
000007a9  copy_in                        
000007f5  SysCtlPeripheralReady          
0000082d  IntRegister                    
00000861  SysCtlPeripheralEnable         
00000895  GPIODirModeSet                 
000008bf  _system_post_cinit             
000008c1  SysTickIntRegister             
000008dd  GPIOPinTypeGPIOOutput          
000008f5  _args_main                     
0000090d  SysTickEnable                  
00000921  SysTickIntEnable               
00000935  SysTickPeriodSet               
00000945  __TI_decompress_none           
00000953  __TI_zero_init                 
0000095f  ResetISR                       
0000096b  GPIOPinWrite                   
00000971  _system_pre_init               
0000098c  __TI_Handler_Table_Base        
00000998  __TI_Handler_Table_Limit       
000009a0  __TI_CINIT_Base                
000009b0  __TI_CINIT_Limit               
20000000  g_pfnRAMVectors                
2000026c  __stack                        
2000046c  __STACK_END                    
2000046c  __STACK_TOP                    
2000046c  __TI_cleanup_ptr               
20000470  __TI_dtors_ptr                 
20000474  __TI_enable_exit_profile_output
20000478  _lock                          
2000047c  _unlock                        
20000484  main_func_sp                   
ffffffff  __TI_pprof_out_hndl            
ffffffff  __TI_prof_data_size            
ffffffff  __TI_prof_data_start           
ffffffff  __binit__                      
ffffffff  __c_args__                     
ffffffff  binit                          
UNDEFED   SHT$$INIT_ARRAY$$Base          
UNDEFED   SHT$$INIT_ARRAY$$Limit         

[64 symbols]
