******************************************************************************
                  TI ARM Linker Unix v16.9.4                   
******************************************************************************
>> Linked Fri Oct 20 00:24:07 2017

OUTPUT FILE NAME:   <LiveTestWithInterrupts1.out>
ENTRY POINT SYMBOL: "_c_int00"  address: 0000089d


MEMORY CONFIGURATION

         name            origin    length      used     unused   attr    fill
----------------------  --------  ---------  --------  --------  ----  --------
  FLASH                 00000000   00100000  00000d92  000ff26e  R  X
  SRAM                  20000000   00040000  0000048c  0003fb74  RW X


SEGMENT ALLOCATION MAP

run origin  load origin   length   init length attrs members
----------  ----------- ---------- ----------- ----- -------
00000000    00000000    00000d98   00000d98    r-x
  00000000    00000000    00000208   00000208    r-- .intvecs
  00000208    00000208    0000094a   0000094a    r-x .text
  00000b54    00000b54    00000208   00000208    r-- .const
  00000d60    00000d60    00000038   00000038    r-- .cinit
20000000    20000000    0000048c   00000000    rw-
  20000000    20000000    0000026c   00000000    rw- .vtable
  2000026c    2000026c    00000200   00000000    rw- .stack
  2000046c    2000046c    00000020   00000000    rw- .data


SECTION ALLOCATION MAP

 output                                  attributes/
section   page    origin      length       input sections
--------  ----  ----------  ----------   ----------------
.intvecs   0    00000000    00000208     
                  00000000    00000208     tm4c1294ncpdt_startup_ccs.obj (.intvecs)

.text      0    00000208    0000094a     
                  00000208    00000210     main.obj (.text)
                  00000418    00000132     driverlib.lib : gpio.obj (.text:GPIOPadConfigSet)
                  0000054a    000000a4                   : gpio.obj (.text:GPIOPadConfigGet)
                  000005ee    0000009c     rtsv7M4_T_le_v4SPD16_eabi.lib : memcpy_t2.obj (.text)
                  0000068a    0000007a                                   : memset_t2.obj (.text)
                  00000704    00000070                                   : autoinit.obj (.text)
                  00000774    00000068     driverlib.lib : interrupt.obj (.text:IntEnable)
                  000007dc    00000068     rtsv7M4_T_le_v4SPD16_eabi.lib : copy_decompress_lzss.obj (.text:decompress:lzss)
                  00000844    00000056     driverlib.lib : gpio.obj (.text:GPIOIntTypeSet)
                  0000089a    00000002     rtsv7M4_T_le_v4SPD16_eabi.lib : _lock.obj (.text)
                  0000089c    00000054                                   : boot.obj (.text)
                  000008f0    00000054                                   : exit.obj (.text)
                  00000944    0000004c                                   : cpy_tbl.obj (.text)
                  00000990    00000044     driverlib.lib : gpio.obj (.text:_GPIOIntNumberGet)
                  000009d4    00000038                   : sysctl.obj (.text:SysCtlPeripheralReady)
                  00000a0c    00000034                   : interrupt.obj (.text:IntRegister)
                  00000a40    00000034                   : sysctl.obj (.text:SysCtlPeripheralEnable)
                  00000a74    0000002a                   : gpio.obj (.text:GPIODirModeSet)
                  00000a9e    00000018                   : gpio.obj (.text:GPIOIntRegister)
                  00000ab6    00000018                   : gpio.obj (.text:GPIOPinTypeGPIOOutput)
                  00000ace    00000002     rtsv7M4_T_le_v4SPD16_eabi.lib : mpu_init.obj (.text)
                  00000ad0    00000018                                   : args_main.obj (.text)
                  00000ae8    00000012     driverlib.lib : gpio.obj (.text:GPIOPinTypeGPIOInput)
                  00000afa    0000000e                   : gpio.obj (.text:GPIOIntStatus)
                  00000b08    0000000e     rtsv7M4_T_le_v4SPD16_eabi.lib : copy_decompress_none.obj (.text:decompress:none)
                  00000b16    0000000c     driverlib.lib : gpio.obj (.text:GPIOIntEnable)
                  00000b22    0000000c     rtsv7M4_T_le_v4SPD16_eabi.lib : copy_zero_init.obj (.text:decompress:ZI)
                  00000b2e    0000000c     tm4c1294ncpdt_startup_ccs.obj (.text)
                  00000b3a    00000006     driverlib.lib : gpio.obj (.text:GPIOIntClear)
                  00000b40    00000006                   : gpio.obj (.text:GPIOPinWrite)
                  00000b46    00000006                   : sysctl.obj (.text:SysCtlDelay)
                  00000b4c    00000004     rtsv7M4_T_le_v4SPD16_eabi.lib : pre_init.obj (.text)
                  00000b50    00000002                                   : startup.obj (.text)

.const     0    00000b54    00000208     
                  00000b54    000000d8     driverlib.lib : gpio.obj (.const:g_ppui32GPIOIntMapSnowflake)
                  00000c2c    000000c0                   : gpio.obj (.const:g_ppui32GPIOIntMapBlizzard)
                  00000cec    00000070                   : interrupt.obj (.const)

.cinit     0    00000d60    00000038     
                  00000d60    00000014     (.cinit..data.load) [load image, compression = lzss]
                  00000d74    0000000c     (__TI_handler_table)
                  00000d80    00000008     (.cinit..vtable.load) [load image, compression = zero_init]
                  00000d88    00000010     (__TI_cinit_table)

.init_array 
*          0    00000000    00000000     UNINITIALIZED

.vtable    0    20000000    0000026c     UNINITIALIZED
                  20000000    0000026c     driverlib.lib : interrupt.obj (.vtable)

.data      0    2000046c    00000020     UNINITIALIZED
                  2000046c    0000000c     rtsv7M4_T_le_v4SPD16_eabi.lib : exit.obj (.data:$O1$$)
                  20000478    00000008                                   : _lock.obj (.data:$O1$$)
                  20000480    00000008     main.obj (.data)
                  20000488    00000004     rtsv7M4_T_le_v4SPD16_eabi.lib : stkdepth_vars.obj (.data)

.stack     0    2000026c    00000200     UNINITIALIZED
                  2000026c    00000200     --HOLE--

MODULE SUMMARY

       Module                          code   ro data   rw data
       ------                          ----   -------   -------
    ./
       main.obj                        528    0         8      
       tm4c1294ncpdt_startup_ccs.obj   12     520       0      
    +--+-------------------------------+------+---------+---------+
       Total:                          540    520       8      
                                                               
    /Applications/ti/ccsv7/tools/compiler/ti-cgt-arm_16.9.4.LTS/lib/rtsv7M4_T_le_v4SPD16_eabi.lib
       memcpy_t2.obj                   156    0         0      
       memset_t2.obj                   122    0         0      
       autoinit.obj                    112    0         0      
       copy_decompress_lzss.obj        104    0         0      
       exit.obj                        84     0         12     
       boot.obj                        84     0         0      
       cpy_tbl.obj                     76     0         0      
       args_main.obj                   24     0         0      
       copy_decompress_none.obj        14     0         0      
       copy_zero_init.obj              12     0         0      
       _lock.obj                       2      0         8      
       pre_init.obj                    4      0         0      
       stkdepth_vars.obj               0      0         4      
       mpu_init.obj                    2      0         0      
       startup.obj                     2      0         0      
    +--+-------------------------------+------+---------+---------+
       Total:                          798    0         24     
                                                               
    /Users/addodennis/ti/TivaWare_C_Series-2.1.4.178/driverlib/ccs/Debug/driverlib.lib
       gpio.obj                        770    408       0      
       interrupt.obj                   156    112       620    
       sysctl.obj                      114    0         0      
    +--+-------------------------------+------+---------+---------+
       Total:                          1040   520       620    
                                                               
       Stack:                          0      0         512    
       Linker Generated:               0      56        0      
    +--+-------------------------------+------+---------+---------+
       Grand Total:                    2378   1096      1164   


LINKER GENERATED COPY TABLES

__TI_cinit_table @ 00000d88 records: 2, size/record: 8, table size: 16
	.data: load addr=00000d60, load size=00000014 bytes, run addr=2000046c, run size=00000020 bytes, compression=lzss
	.vtable: load addr=00000d80, load size=00000008 bytes, run addr=20000000, run size=0000026c bytes, compression=zero_init


LINKER GENERATED HANDLER TABLE

__TI_handler_table @ 00000d74 records: 3, size/record: 4, table size: 12
	index: 0, handler: __TI_zero_init
	index: 1, handler: __TI_decompress_lzss
	index: 2, handler: __TI_decompress_none


GLOBAL SYMBOLS: SORTED ALPHABETICALLY BY Name 

address   name                           
-------   ----                           
000008f1  C$$EXIT                        
00000a75  GPIODirModeSet                 
00000b3b  GPIOIntClear                   
00000b17  GPIOIntEnable                  
00000a9f  GPIOIntRegister                
00000afb  GPIOIntStatus                  
00000845  GPIOIntTypeSet                 
0000054b  GPIOPadConfigGet               
00000419  GPIOPadConfigSet               
00000ae9  GPIOPinTypeGPIOInput           
00000ab7  GPIOPinTypeGPIOOutput          
00000b41  GPIOPinWrite                   
00000775  IntEnable                      
00000a0d  IntRegister                    
00000b2f  ResetISR                       
UNDEFED   SHT$$INIT_ARRAY$$Base          
UNDEFED   SHT$$INIT_ARRAY$$Limit         
00000b47  SysCtlDelay                    
00000a41  SysCtlPeripheralEnable         
000009d5  SysCtlPeripheralReady          
2000046c  __STACK_END                    
00000200  __STACK_SIZE                   
2000046c  __STACK_TOP                    
00000d88  __TI_CINIT_Base                
00000d98  __TI_CINIT_Limit               
00000d74  __TI_Handler_Table_Base        
00000d80  __TI_Handler_Table_Limit       
00000705  __TI_auto_init                 
2000046c  __TI_cleanup_ptr               
000007dd  __TI_decompress_lzss           
00000b09  __TI_decompress_none           
20000470  __TI_dtors_ptr                 
20000474  __TI_enable_exit_profile_output
ffffffff  __TI_pprof_out_hndl            
ffffffff  __TI_prof_data_size            
ffffffff  __TI_prof_data_start           
00000000  __TI_static_base__             
00000b23  __TI_zero_init                 
0000068b  __aeabi_memclr                 
0000068b  __aeabi_memclr4                
0000068b  __aeabi_memclr8                
000005ef  __aeabi_memcpy                 
000005ef  __aeabi_memcpy4                
000005ef  __aeabi_memcpy8                
0000068d  __aeabi_memset                 
0000068d  __aeabi_memset4                
0000068d  __aeabi_memset8                
ffffffff  __binit__                      
ffffffff  __c_args__                     
00000acf  __mpu_init                     
2000026c  __stack                        
00000ad1  _args_main                     
0000089d  _c_int00                       
20000478  _lock                          
0000089b  _nop                           
00000b51  _system_post_cinit             
00000b4d  _system_pre_init               
2000047c  _unlock                        
000008f5  abort                          
20000480  bPressedSw1                    
20000484  bPressedSw2                    
ffffffff  binit                          
00000945  copy_in                        
000008fd  exit                           
20000000  g_pfnRAMVectors                
00000000  g_pfnVectors                   
0000023f  main                           
20000488  main_func_sp                   
000005ef  memcpy                         
00000693  memset                         


GLOBAL SYMBOLS: SORTED BY Symbol Address 

address   name                           
-------   ----                           
00000000  __TI_static_base__             
00000000  g_pfnVectors                   
00000200  __STACK_SIZE                   
0000023f  main                           
00000419  GPIOPadConfigSet               
0000054b  GPIOPadConfigGet               
000005ef  __aeabi_memcpy                 
000005ef  __aeabi_memcpy4                
000005ef  __aeabi_memcpy8                
000005ef  memcpy                         
0000068b  __aeabi_memclr                 
0000068b  __aeabi_memclr4                
0000068b  __aeabi_memclr8                
0000068d  __aeabi_memset                 
0000068d  __aeabi_memset4                
0000068d  __aeabi_memset8                
00000693  memset                         
00000705  __TI_auto_init                 
00000775  IntEnable                      
000007dd  __TI_decompress_lzss           
00000845  GPIOIntTypeSet                 
0000089b  _nop                           
0000089d  _c_int00                       
000008f1  C$$EXIT                        
000008f5  abort                          
000008fd  exit                           
00000945  copy_in                        
000009d5  SysCtlPeripheralReady          
00000a0d  IntRegister                    
00000a41  SysCtlPeripheralEnable         
00000a75  GPIODirModeSet                 
00000a9f  GPIOIntRegister                
00000ab7  GPIOPinTypeGPIOOutput          
00000acf  __mpu_init                     
00000ad1  _args_main                     
00000ae9  GPIOPinTypeGPIOInput           
00000afb  GPIOIntStatus                  
00000b09  __TI_decompress_none           
00000b17  GPIOIntEnable                  
00000b23  __TI_zero_init                 
00000b2f  ResetISR                       
00000b3b  GPIOIntClear                   
00000b41  GPIOPinWrite                   
00000b47  SysCtlDelay                    
00000b4d  _system_pre_init               
00000b51  _system_post_cinit             
00000d74  __TI_Handler_Table_Base        
00000d80  __TI_Handler_Table_Limit       
00000d88  __TI_CINIT_Base                
00000d98  __TI_CINIT_Limit               
20000000  g_pfnRAMVectors                
2000026c  __stack                        
2000046c  __STACK_END                    
2000046c  __STACK_TOP                    
2000046c  __TI_cleanup_ptr               
20000470  __TI_dtors_ptr                 
20000474  __TI_enable_exit_profile_output
20000478  _lock                          
2000047c  _unlock                        
20000480  bPressedSw1                    
20000484  bPressedSw2                    
20000488  main_func_sp                   
ffffffff  __TI_pprof_out_hndl            
ffffffff  __TI_prof_data_size            
ffffffff  __TI_prof_data_start           
ffffffff  __binit__                      
ffffffff  __c_args__                     
ffffffff  binit                          
UNDEFED   SHT$$INIT_ARRAY$$Base          
UNDEFED   SHT$$INIT_ARRAY$$Limit         

[70 symbols]
