******************************************************************************
                  TI ARM Linker Unix v16.9.4                   
******************************************************************************
>> Linked Wed Nov  8 18:58:50 2017

OUTPUT FILE NAME:   <LiveTestWithPWMChasing.out>
ENTRY POINT SYMBOL: "_c_int00"  address: 00000a7d


MEMORY CONFIGURATION

         name            origin    length      used     unused   attr    fill
----------------------  --------  ---------  --------  --------  ----  --------
  FLASH                 00000000   00100000  00001284  000fed7c  R  X
  SRAM                  20000000   00040000  00000490  0003fb70  RW X


SEGMENT ALLOCATION MAP

run origin  load origin   length   init length attrs members
----------  ----------- ---------- ----------- ----- -------
00000000    00000000    00001288   00001288    r-x
  00000000    00000000    00000208   00000208    r-- .intvecs
  00000208    00000208    00000be0   00000be0    r-x .text
  00000de8    00000de8    0000045c   0000045c    r-- .const
  00001248    00001248    00000040   00000040    r-- .cinit
20000000    20000000    00000490   00000000    rw-
  20000000    20000000    0000026c   00000000    rw- .vtable
  2000026c    2000026c    00000200   00000000    rw- .stack
  2000046c    2000046c    00000024   00000000    rw- .data


SECTION ALLOCATION MAP

 output                                  attributes/
section   page    origin      length       input sections
--------  ----  ----------  ----------   ----------------
.intvecs   0    00000000    00000208     
                  00000000    00000208     tm4c1294ncpdt_startup_ccs.obj (.intvecs)

.text      0    00000208    00000be0     
                  00000208    00000200     driverlib.lib : sysctl.obj (.text:SysCtlClockFreqSet)
                  00000408    000001f0     main.obj (.text)
                  000005f8    00000132     driverlib.lib : gpio.obj (.text:GPIOPadConfigSet)
                  0000072a    000000a4                   : gpio.obj (.text:GPIOPadConfigGet)
                  000007ce    0000009c     rtsv7M4_T_le_v4SPD16_eabi.lib : memcpy_t2.obj (.text)
                  0000086a    0000007a                                   : memset_t2.obj (.text)
                  000008e4    00000070                                   : autoinit.obj (.text)
                  00000954    00000068     driverlib.lib : interrupt.obj (.text:IntEnable)
                  000009bc    00000068     rtsv7M4_T_le_v4SPD16_eabi.lib : copy_decompress_lzss.obj (.text:decompress:lzss)
                  00000a24    00000056     driverlib.lib : gpio.obj (.text:GPIOIntTypeSet)
                  00000a7a    00000002     rtsv7M4_T_le_v4SPD16_eabi.lib : _lock.obj (.text)
                  00000a7c    00000054                                   : boot.obj (.text)
                  00000ad0    00000054                                   : exit.obj (.text)
                  00000b24    0000004c                                   : cpy_tbl.obj (.text)
                  00000b70    00000048     driverlib.lib : sysctl.obj (.text:_SysCtlFrequencyGet)
                  00000bb8    00000044                   : gpio.obj (.text:_GPIOIntNumberGet)
                  00000bfc    00000038                   : sysctl.obj (.text:SysCtlPeripheralReady)
                  00000c34    00000034                   : interrupt.obj (.text:IntRegister)
                  00000c68    00000034                   : sysctl.obj (.text:SysCtlPeripheralEnable)
                  00000c9c    0000002a                   : gpio.obj (.text:GPIODirModeSet)
                  00000cc6    00000002     rtsv7M4_T_le_v4SPD16_eabi.lib : mpu_init.obj (.text)
                  00000cc8    00000020     driverlib.lib : sysctl.obj (.text:_SysCtlMemTimingGet)
                  00000ce8    0000001c                   : systick.obj (.text:SysTickIntRegister)
                  00000d04    00000018                   : gpio.obj (.text:GPIOIntRegister)
                  00000d1c    00000018                   : gpio.obj (.text:GPIOPinTypeGPIOOutput)
                  00000d34    00000018     rtsv7M4_T_le_v4SPD16_eabi.lib : args_main.obj (.text)
                  00000d4c    00000014     driverlib.lib : systick.obj (.text:SysTickEnable)
                  00000d60    00000014                   : systick.obj (.text:SysTickIntEnable)
                  00000d74    00000012                   : gpio.obj (.text:GPIOPinTypeGPIOInput)
                  00000d86    00000002     rtsv7M4_T_le_v4SPD16_eabi.lib : startup.obj (.text)
                  00000d88    00000010     driverlib.lib : systick.obj (.text:SysTickPeriodSet)
                  00000d98    0000000e                   : gpio.obj (.text:GPIOIntStatus)
                  00000da6    0000000e     rtsv7M4_T_le_v4SPD16_eabi.lib : copy_decompress_none.obj (.text:decompress:none)
                  00000db4    0000000c     driverlib.lib : gpio.obj (.text:GPIOIntEnable)
                  00000dc0    0000000c     rtsv7M4_T_le_v4SPD16_eabi.lib : copy_zero_init.obj (.text:decompress:ZI)
                  00000dcc    0000000c     tm4c1294ncpdt_startup_ccs.obj (.text)
                  00000dd8    00000006     driverlib.lib : gpio.obj (.text:GPIOIntClear)
                  00000dde    00000006                   : gpio.obj (.text:GPIOPinWrite)
                  00000de4    00000004     rtsv7M4_T_le_v4SPD16_eabi.lib : pre_init.obj (.text)

.const     0    00000de8    0000045c     
                  00000de8    000001b0     driverlib.lib : sysctl.obj (.const:g_pppui32XTALtoVCO)
                  00000f98    000000d8                   : gpio.obj (.const:g_ppui32GPIOIntMapSnowflake)
                  00001070    000000c0                   : gpio.obj (.const:g_ppui32GPIOIntMapBlizzard)
                  00001130    00000070                   : interrupt.obj (.const)
                  000011a0    0000006c                   : sysctl.obj (.const:g_pui32Xtals)
                  0000120c    00000030                   : sysctl.obj (.const:g_sXTALtoMEMTIM)
                  0000123c    00000008                   : sysctl.obj (.const)

.cinit     0    00001248    00000040     
                  00001248    00000015     (.cinit..data.load) [load image, compression = lzss]
                  0000125d    00000003     --HOLE-- [fill = 0]
                  00001260    0000000c     (__TI_handler_table)
                  0000126c    00000004     --HOLE-- [fill = 0]
                  00001270    00000008     (.cinit..vtable.load) [load image, compression = zero_init]
                  00001278    00000010     (__TI_cinit_table)

.init_array 
*          0    00000000    00000000     UNINITIALIZED

.vtable    0    20000000    0000026c     UNINITIALIZED
                  20000000    0000026c     driverlib.lib : interrupt.obj (.vtable)

.data      0    2000046c    00000024     UNINITIALIZED
                  2000046c    0000000c     rtsv7M4_T_le_v4SPD16_eabi.lib : exit.obj (.data:$O1$$)
                  20000478    0000000c     main.obj (.data)
                  20000484    00000008     rtsv7M4_T_le_v4SPD16_eabi.lib : _lock.obj (.data:$O1$$)
                  2000048c    00000004                                   : stkdepth_vars.obj (.data)

.stack     0    2000026c    00000200     UNINITIALIZED
                  2000026c    00000200     --HOLE--

MODULE SUMMARY

       Module                          code   ro data   rw data
       ------                          ----   -------   -------
    ./
       tm4c1294ncpdt_startup_ccs.obj   12     520       0      
       main.obj                        496    0         12     
    +--+-------------------------------+------+---------+---------+
       Total:                          508    520       12     
                                                               
    /Applications/ti/ccsv7/tools/compiler/ti-cgt-arm_16.9.4.LTS/lib/rtsv7M4_T_le_v4SPD16_eabi.lib
       memcpy_t2.obj                   156    0         0      
       memset_t2.obj                   122    0         0      
       autoinit.obj                    112    0         0      
       copy_decompress_lzss.obj        104    0         0      
       exit.obj                        84     0         12     
       boot.obj                        84     0         0      
       cpy_tbl.obj                     76     0         0      
       args_main.obj                   24     0         0      
       copy_decompress_none.obj        14     0         0      
       copy_zero_init.obj              12     0         0      
       _lock.obj                       2      0         8      
       pre_init.obj                    4      0         0      
       stkdepth_vars.obj               0      0         4      
       mpu_init.obj                    2      0         0      
       startup.obj                     2      0         0      
    +--+-------------------------------+------+---------+---------+
       Total:                          798    0         24     
                                                               
    /Users/addodennis/ti/TivaWare_C_Series-2.1.4.178/driverlib/ccs/Debug/driverlib.lib
       sysctl.obj                      724    596       0      
       gpio.obj                        770    408       0      
       interrupt.obj                   156    112       620    
       systick.obj                     84     0         0      
    +--+-------------------------------+------+---------+---------+
       Total:                          1734   1116      620    
                                                               
       Stack:                          0      0         512    
       Linker Generated:               0      57        0      
    +--+-------------------------------+------+---------+---------+
       Grand Total:                    3040   1693      1168   


LINKER GENERATED COPY TABLES

__TI_cinit_table @ 00001278 records: 2, size/record: 8, table size: 16
	.data: load addr=00001248, load size=00000015 bytes, run addr=2000046c, run size=00000024 bytes, compression=lzss
	.vtable: load addr=00001270, load size=00000008 bytes, run addr=20000000, run size=0000026c bytes, compression=zero_init


LINKER GENERATED HANDLER TABLE

__TI_handler_table @ 00001260 records: 3, size/record: 4, table size: 12
	index: 0, handler: __TI_zero_init
	index: 1, handler: __TI_decompress_lzss
	index: 2, handler: __TI_decompress_none


GLOBAL SYMBOLS: SORTED ALPHABETICALLY BY Name 

address   name                           
-------   ----                           
00000ad1  C$$EXIT                        
00000c9d  GPIODirModeSet                 
00000dd9  GPIOIntClear                   
00000db5  GPIOIntEnable                  
00000d05  GPIOIntRegister                
00000d99  GPIOIntStatus                  
00000a25  GPIOIntTypeSet                 
0000072b  GPIOPadConfigGet               
000005f9  GPIOPadConfigSet               
00000d75  GPIOPinTypeGPIOInput           
00000d1d  GPIOPinTypeGPIOOutput          
00000ddf  GPIOPinWrite                   
00000955  IntEnable                      
00000c35  IntRegister                    
00000dcd  ResetISR                       
UNDEFED   SHT$$INIT_ARRAY$$Base          
UNDEFED   SHT$$INIT_ARRAY$$Limit         
00000209  SysCtlClockFreqSet             
00000c69  SysCtlPeripheralEnable         
00000bfd  SysCtlPeripheralReady          
00000d4d  SysTickEnable                  
00000d61  SysTickIntEnable               
00000ce9  SysTickIntRegister             
00000d89  SysTickPeriodSet               
2000046c  __STACK_END                    
00000200  __STACK_SIZE                   
2000046c  __STACK_TOP                    
00001278  __TI_CINIT_Base                
00001288  __TI_CINIT_Limit               
00001260  __TI_Handler_Table_Base        
0000126c  __TI_Handler_Table_Limit       
000008e5  __TI_auto_init                 
2000046c  __TI_cleanup_ptr               
000009bd  __TI_decompress_lzss           
00000da7  __TI_decompress_none           
20000470  __TI_dtors_ptr                 
20000474  __TI_enable_exit_profile_output
ffffffff  __TI_pprof_out_hndl            
ffffffff  __TI_prof_data_size            
ffffffff  __TI_prof_data_start           
00000000  __TI_static_base__             
00000dc1  __TI_zero_init                 
0000086b  __aeabi_memclr                 
0000086b  __aeabi_memclr4                
0000086b  __aeabi_memclr8                
000007cf  __aeabi_memcpy                 
000007cf  __aeabi_memcpy4                
000007cf  __aeabi_memcpy8                
0000086d  __aeabi_memset                 
0000086d  __aeabi_memset4                
0000086d  __aeabi_memset8                
ffffffff  __binit__                      
ffffffff  __c_args__                     
00000cc7  __mpu_init                     
2000026c  __stack                        
00000d35  _args_main                     
00000a7d  _c_int00                       
20000484  _lock                          
00000a7b  _nop                           
00000d87  _system_post_cinit             
00000de5  _system_pre_init               
20000488  _unlock                        
00000ad5  abort                          
ffffffff  binit                          
00000b25  copy_in                        
20000478  counter                        
00000add  exit                           
20000000  g_pfnRAMVectors                
00000000  g_pfnVectors                   
00000451  main                           
2000048c  main_func_sp                   
000007cf  memcpy                         
00000873  memset                         
20000480  percent                        
2000047c  pwmState                       


GLOBAL SYMBOLS: SORTED BY Symbol Address 

address   name                           
-------   ----                           
00000000  __TI_static_base__             
00000000  g_pfnVectors                   
00000200  __STACK_SIZE                   
00000209  SysCtlClockFreqSet             
00000451  main                           
000005f9  GPIOPadConfigSet               
0000072b  GPIOPadConfigGet               
000007cf  __aeabi_memcpy                 
000007cf  __aeabi_memcpy4                
000007cf  __aeabi_memcpy8                
000007cf  memcpy                         
0000086b  __aeabi_memclr                 
0000086b  __aeabi_memclr4                
0000086b  __aeabi_memclr8                
0000086d  __aeabi_memset                 
0000086d  __aeabi_memset4                
0000086d  __aeabi_memset8                
00000873  memset                         
000008e5  __TI_auto_init                 
00000955  IntEnable                      
000009bd  __TI_decompress_lzss           
00000a25  GPIOIntTypeSet                 
00000a7b  _nop                           
00000a7d  _c_int00                       
00000ad1  C$$EXIT                        
00000ad5  abort                          
00000add  exit                           
00000b25  copy_in                        
00000bfd  SysCtlPeripheralReady          
00000c35  IntRegister                    
00000c69  SysCtlPeripheralEnable         
00000c9d  GPIODirModeSet                 
00000cc7  __mpu_init                     
00000ce9  SysTickIntRegister             
00000d05  GPIOIntRegister                
00000d1d  GPIOPinTypeGPIOOutput          
00000d35  _args_main                     
00000d4d  SysTickEnable                  
00000d61  SysTickIntEnable               
00000d75  GPIOPinTypeGPIOInput           
00000d87  _system_post_cinit             
00000d89  SysTickPeriodSet               
00000d99  GPIOIntStatus                  
00000da7  __TI_decompress_none           
00000db5  GPIOIntEnable                  
00000dc1  __TI_zero_init                 
00000dcd  ResetISR                       
00000dd9  GPIOIntClear                   
00000ddf  GPIOPinWrite                   
00000de5  _system_pre_init               
00001260  __TI_Handler_Table_Base        
0000126c  __TI_Handler_Table_Limit       
00001278  __TI_CINIT_Base                
00001288  __TI_CINIT_Limit               
20000000  g_pfnRAMVectors                
2000026c  __stack                        
2000046c  __STACK_END                    
2000046c  __STACK_TOP                    
2000046c  __TI_cleanup_ptr               
20000470  __TI_dtors_ptr                 
20000474  __TI_enable_exit_profile_output
20000478  counter                        
2000047c  pwmState                       
20000480  percent                        
20000484  _lock                          
20000488  _unlock                        
2000048c  main_func_sp                   
ffffffff  __TI_pprof_out_hndl            
ffffffff  __TI_prof_data_size            
ffffffff  __TI_prof_data_start           
ffffffff  __binit__                      
ffffffff  __c_args__                     
ffffffff  binit                          
UNDEFED   SHT$$INIT_ARRAY$$Base          
UNDEFED   SHT$$INIT_ARRAY$$Limit         

[75 symbols]
